components.N.cpuLimitMillis
components.N.cpuRequestMillis
components.N.findings.N.confidence
components.N.findings.N.current
components.N.findings.N.evidence.N.expr
components.N.findings.N.evidence.N.value
components.N.findings.N.grafanaUrl
components.N.findings.N.rationale
components.N.findings.N.rule
components.N.findings.N.severity
components.N.findings.N.snippet
components.N.findings.N.suggested
components.N.findings.N.title
components.N.findings.N.windowSecs
components.N.kind
components.N.memLimitBytes
components.N.memRequestBytes
components.N.name
components.N.namespace
components.N.note
components.N.podPattern
components.N.product
components.N.readyReplicas
components.N.replicas
components.N.role
components.N.severity
components.N.stateful
components.N.title
components.N.usage.coverageSecs
components.N.usage.cpuP99Millis
components.N.usage.memMaxBytes
components.N.usage.memP99Bytes
components.N.usage.oomContainers
components.N.usage.pods.N.cpuP99Millis
components.N.usage.pods.N.memMaxBytes
components.N.usage.pods.N.memP99Bytes
components.N.usage.pods.N.name
components.N.usage.pods.N.oomContainers
components.N.usage.pods.N.restarts
components.N.usage.pods.N.throttleRatio
components.N.usage.restarts
components.N.usage.series.N
components.N.usage.throttleRatio
components.N.zone
context
generatedAt
metricsAvailable
scope
source
version
warning
windowSecs
